// Jest Snapshot v1, https://goo.gl/fbAQLP

exports[`should render correctly 1`] = `
<StaticRouter
  basename=""
  context={Object {}}
  location="/"
>
  <Router
    history={
      Object {
        "action": "POP",
        "block": [Function],
        "createHref": [Function],
        "go": [Function],
        "goBack": [Function],
        "goForward": [Function],
        "listen": [Function],
        "location": Object {
          "hash": "",
          "pathname": "/",
          "search": "",
        },
        "push": [Function],
        "replace": [Function],
      }
    }
  >
    <App>
      <div>
        <nav>
          <ul>
            <li>
              <Link
                replace={false}
                to="/"
              >
                <a
                  href="/"
                  onClick={[Function]}
                >
                  Home
                </a>
              </Link>
            </li>
            <li>
              <Link
                replace={false}
                to="/cross-trainer"
              >
                <a
                  href="/cross-trainer"
                  onClick={[Function]}
                >
                  Cross Trainer
                </a>
              </Link>
            </li>
            <li>
              <Link
                replace={false}
                to="/scramble"
              >
                <a
                  href="/scramble"
                  onClick={[Function]}
                >
                  Scramble
                </a>
              </Link>
            </li>
          </ul>
        </nav>
        <hr />
        <metronome />
        <hr />
        <Route
          component={[Function]}
          exact={true}
          path="/"
        >
          <Home
            history={
              Object {
                "action": "POP",
                "block": [Function],
                "createHref": [Function],
                "go": [Function],
                "goBack": [Function],
                "goForward": [Function],
                "listen": [Function],
                "location": Object {
                  "hash": "",
                  "pathname": "/",
                  "search": "",
                },
                "push": [Function],
                "replace": [Function],
              }
            }
            location={
              Object {
                "hash": "",
                "pathname": "/",
                "search": "",
              }
            }
            match={
              Object {
                "isExact": true,
                "params": Object {},
                "path": "/",
                "url": "/",
              }
            }
            staticContext={Object {}}
          >
            <h1>
              Happy Cubing
            </h1>
          </Home>
        </Route>
        <Route
          path="/cross-trainer"
          render={[Function]}
        />
        <Route
          path="/scramble"
          render={[Function]}
        />
      </div>
    </App>
  </Router>
</StaticRouter>
`;
